

HI-TECH Software PICC Macro Assembler V9.65PL1 build 4700 
                                                      Thu Oct 01 17:18:24 2009

HI-TECH Software Omniscient Code Generator build 4700
     1                           	processor	12F683
     2                           	fnconf	fnauto0,??,?,0
     3                           	opt	pw 79
     4                           	psect	config,global,class=CONFIG,delta=2
     5                           	psect	idloc,global,class=IDLOC,delta=2
     6                           	psect	maintext,global,class=CODE,delta=2
     7                           	psect	text98,local,class=CODE,delta=2
     8                           	psect	text99,local,class=CODE,delta=2
     9                           	psect	text100,local,class=CODE,delta=2
    10                           	psect	text101,local,class=CODE,delta=2
    11                           	psect	text102,local,class=CODE,delta=2
    12                           	psect	text103,local,class=CODE,delta=2
    13                           	psect	text104,local,class=CODE,delta=2
    14                           	psect	text105,local,class=CODE,delta=2
    15                           	psect	text106,local,class=CODE,delta=2
    16                           	psect	intrtext,global,class=CODE,delta=2
    17                           	psect	intentry,global,class=CODE,delta=2
    18                           	psect	strings,global,reloc=256,class=CODE,delt
      +                          a=2
    19                           	psect	rbss_0,global,class=BANK0,space=1,delta=
      +                          1
    20                           	psect	common,global,class=COMMON,space=1,delta
      +                          =1
    21                           	psect	rbit_0,global,bit,class=BANK0,space=1,de
      +                          lta=1
    22                           	psect	fnauto0,global,class=BANK0,space=1,delta
      +                          =1
    23                           	dabs	1,0x3E,16
    24                           	dabs	1,0x78,1
    25                           	dabs	1,0x76,1
    26                           	dabs	1,0x77,1
    27                           	dabs	1,0x7B,1
    28                           	dabs	1,0x7C,1
    29                           	dabs	1,0x79,1
    30                           	dabs	1,0x7A,1
    31                           	dabs	1,0x75,1
    32                           	dabs	1,0x7D,1
    33                           	dabs	1,0x7E,2
    34  0000                     
    35  0000                     
    36  0000                     
    37  0000                     
    38  0000                     
    39  0000                     
    40  0000                     
    41  0000                     
    42  0000                     
    43  0000                     
    44  0000                     
    45  0000                     
    46  0000                     
    47  0000                     
    48  0000                     
    49  0000                     
    50  0000                     
    51  0000                     
    52  0000                     	;#
    53                           
    54                           	psect	config
    55  2007  30C4               	dw	12484	;#
    56                           
    57                           	psect	idloc
    58  2000                     idloc_word:
    59                           	opt stack 0
    60                           ;#
    61  2000                     
    62  2000  000F               	dw	15	;#
    63  2001  0006               	dw	6	;#
    64  2002  0008               	dw	8	;#
    65  2003  0003               	dw	3	;#
    66  0000                     __tempreg	set	78
    67  0000                     __Lrbss_0	set	62
    68  0000                     __Hrbss_0	set	78
    69  0000                     __Lcommon	set	117
    70  0000                     __Hcommon	set	125
    71  0000                     
    72  0000                     
    73  0000                     __Lramdata	set	0
    74  0000                     __Hramdata	set	1
    75  0000                     
    76  0000                     
    77  0000                     
    78  0000                     
    79  0000                     
    80  0000                     
    81  0000                     
    82  0000                     
    83  0000                     
    84  0000                     
    85  0000                     
    86  0000                     
    87  0000                     
    88  0000                     
    89  0000                     
    90  0000                     
    91  0000                     
    92  0000                     
    93  0000                     
    94  0000                     
    95  0000                     
    96  0000                     
    97  0000                     
    98  0000                     
    99  0000                     
   100  0000                     
   101  0000                     
   102  0000                     
   103  0000                     
   104  0000                     
   105  0000                     
   106  0000                     
   107  0000                     
   108  0000                     
   109                           
   110                           	psect	maintext
   111                           ;Data sizes: Strings 57, constant 10, data 0, b
      +                          ss 0, persistent 0 stack 34
   112                           ; *************** function _main **************
      +                          *
   113                           ; Defined at:
   114                           ;		line 50 in file "C:\pic\tmp-hum\tmp-hum.c"
   115                           ; Parameters:
   116                           ;		None
   117                           ; Auto variables:
   118                           ;		vt          	       	type: unsigned int 
   119                           ;		vh          	       	type: unsigned int 
   120                           ; Return value:
   121                           ;		type: void 
   122                           ;		size: 0
   123                           ; Registers used:
   124                           ;		wreg, fsr0l, fsr0h, status,2, status,0, pcla
      +                          th, cstack
   125                           ; Tracked objects:
   126                           ;		On entry : BFF/0
   127                           ;		On exit  : BFF/0
   128                           ;		Unchanged: 0/0
   129                           ; Data sizes:
   130                           ;		Autos:    8
   131                           ;		Params:   0
   132                           ;		Temp:     1
   133                           ;		Total:    9
   134                           ; This function calls:
   135                           ;		_scif_init
   136                           ;		_printf
   137                           ;		__delay
   138                           ;		___wmul
   139                           ;		___awdiv
   140                           ;		_bresenham
   141                           ;		___delay_s
   142                           ; This function is called by:
   143                           ;		Startup code after reset
   144                           ; This function uses a non-reentrant model
   145                           ; 
   146                           ;tmp-hum.c: 50: void main(void){
   147  0020                     _main:
   148                           	opt stack 6
   149                           ; Regs used in _main: [wreg-fsr0h+status,2+stat
      +                          us,0+pclath+cstack]
   150                           ;tmp-hum.c: 51: unsigned int vt;
   151                           ;tmp-hum.c: 52: unsigned int vh;
   152                           ;tmp-hum.c: 55: OSCCON = 0b01110000;
   153  0020  3070               	movlw	112
   154  0021  1683               	bsf	3,5	;RP0=1, select bank1
   155  0022  008F               	movwf	15	;volatile
   156                           ;tmp-hum.c: 56: TRISIO = 0b00011001;
   157  0023  3019               	movlw	25
   158  0024  0085               	movwf	5	;volatile
   159                           ;tmp-hum.c: 57: CMCON0 = 0b00000111;
   160  0025  3007               	movlw	7
   161  0026  1283               	bcf	3,5	;RP0=0, select bank0
   162  0027  0099               	movwf	25	;volatile
   163                           ;tmp-hum.c: 60: ANSEL = 0b00101001;
   164  0028  3029               	movlw	41
   165  0029  1683               	bsf	3,5	;RP0=1, select bank1
   166  002A  009F               	movwf	31
   167                           ;tmp-hum.c: 61: ADCON0 = 0b10000001;
   168  002B  3081               	movlw	129
   169  002C  1283               	bcf	3,5	;RP0=0, select bank0
   170  002D  009F               	movwf	31	;volatile
   171                           ;tmp-hum.c: 64: PR2 = 127;
   172  002E  307F               	movlw	127
   173  002F  1683               	bsf	3,5	;RP0=1, select bank1
   174  0030  0092               	movwf	18
   175                           ;tmp-hum.c: 65: T2CON = 0b00000110;
   176  0031  3006               	movlw	6
   177  0032  1283               	bcf	3,5	;RP0=0, select bank0
   178  0033  0092               	movwf	18	;volatile
   179                           ;tmp-hum.c: 66: CCPR1L = 64;
   180  0034  3040               	movlw	64
   181  0035  0093               	movwf	19	;volatile
   182                           ;tmp-hum.c: 67: CCP1CON = 0b00001100;
   183  0036  300C               	movlw	12
   184  0037  0095               	movwf	21	;volatile
   185                           ;tmp-hum.c: 69: scif_init();
   186  0038  22FE               	fcall	_scif_init
   187                           ;tmp-hum.c: 70: (GIE = 1);
   188  0039  178B               	bsf	11,7
   189                           ;tmp-hum.c: 72: printf("Thermometer and Hygrome
      +                          ter\n");
   190  003A  300B               	movlw	(STR_1-__stringbase)& (0+255)
   191  003B  2152               	fcall	_printf
   192                           ;tmp-hum.c: 73: printf("Temperature,Humidity\n"
      +                          );
   193  003C  3027               	movlw	(STR_2-__stringbase)& (0+255)
   194  003D  2152               	fcall	_printf
   195                           ;tmp-hum.c: 75: while(1){
   196  003E                     l18:
   197                           ;tmp-hum.c: 76: ADCON0 &= 0b11110011;
   198  003E  30F3               	movlw	243
   199  003F  059F               	andwf	31,f	;volatile
   200                           ;tmp-hum.c: 77: _delay((unsigned long)((20)*(80
      +                          00000/4000000.0)));
   201  0040  300D               	movlw	13
   202  0041  00D6               	movwf	??_main+8
   203  0042                     u2167:
   204  0042  0BD6               	decfsz	??_main+8,f
   205  0043  2842               	goto	u2167
   206                           ;tmp-hum.c: 78: GODONE = 1;
   207  0044  1283               	bcf	3,5	;RP0=0, select bank0
   208  0045  149F               	bsf	31,1
   209                           ;tmp-hum.c: 79: while(GODONE);
   210  0046                     l20:
   211  0046  189F               	btfsc	31,1
   212  0047  2846               	goto	l20
   213                           ;tmp-hum.c: 80: vt = (ADRESH << 8) | ADRESL;
   214  0048  1283               	bcf	3,5	;RP0=0, select bank0
   215  0049  081E               	movf	30,w	;volatile
   216  004A  00D5               	movwf	??_main+7
   217  004B  1683               	bsf	3,5	;RP0=1, select bank1
   218  004C  081E               	movf	30,w	;volatile
   219  004D  1283               	bcf	3,5	;RP0=0, select bank0
   220  004E  00D4               	movwf	??_main+6
   221                           ;tmp-hum.c: 82: ADCON0 |= 0b00001100;
   222  004F  300C               	movlw	12
   223  0050  049F               	iorwf	31,f	;volatile
   224                           ;tmp-hum.c: 83: _delay((unsigned long)((20)*(80
      +                          00000/4000000.0)));
   225  0051  300D               	movlw	13
   226  0052  00D6               	movwf	??_main+8
   227  0053                     u2177:
   228  0053  0BD6               	decfsz	??_main+8,f
   229  0054  2853               	goto	u2177
   230                           ;tmp-hum.c: 84: GODONE = 1;
   231  0055  1283               	bcf	3,5	;RP0=0, select bank0
   232  0056  149F               	bsf	31,1
   233                           ;tmp-hum.c: 85: while(GODONE);
   234  0057                     l23:
   235  0057  189F               	btfsc	31,1
   236  0058  2857               	goto	l23
   237                           ;tmp-hum.c: 86: vh = (ADRESH << 8) | ADRESL;
   238  0059  1283               	bcf	3,5	;RP0=0, select bank0
   239  005A  081E               	movf	30,w	;volatile
   240  005B  00D3               	movwf	??_main+5
   241  005C  1683               	bsf	3,5	;RP0=1, select bank1
   242  005D  081E               	movf	30,w	;volatile
   243  005E  1283               	bcf	3,5	;RP0=0, select bank0
   244  005F  00D2               	movwf	??_main+4
   245                           ;tmp-hum.c: 88: printf(
   246                           ;tmp-hum.c: 89: "%d,%d\n",
   247                           ;tmp-hum.c: 90: (int)(vt - 186) * 10 / 31,
   248                           ;tmp-hum.c: 91: bresenham(vh + 133, 62, 770)
   249                           ;tmp-hum.c: 92: );
   250  0060  300A               	movlw	10
   251  0061  00D9               	movwf	?___wmul+2
   252  0062  01DA               	clrf	?___wmul+3
   253  0063  0854               	movf	??_main+6,w
   254  0064  3E46               	addlw	70
   255  0065  00D7               	movwf	?___wmul
   256  0066  0855               	movf	??_main+7,w
   257  0067  1803               	btfsc	3,0
   258  0068  3E01               	addlw	1
   259  0069  3EFF               	addlw	255
   260  006A  00D8               	movwf	?___wmul+1
   261  006B  22CF               	fcall	___wmul
   262  006C  0858               	movf	?___wmul+1,w
   263  006D  00D1               	movwf	??_main+3
   264  006E  0857               	movf	?___wmul,w
   265  006F  00D0               	movwf	??_main+2
   266  0070  0851               	movf	??_main+3,w
   267  0071  00D8               	movwf	?___awdiv+1
   268  0072  0850               	movf	??_main+2,w
   269  0073  00D7               	movwf	?___awdiv
   270  0074  301F               	movlw	31
   271  0075  00D9               	movwf	?___awdiv+2
   272  0076  01DA               	clrf	?___awdiv+3
   273  0077  2213               	fcall	___awdiv
   274  0078  0858               	movf	?___awdiv+1,w
   275  0079  00CF               	movwf	??_main+1
   276  007A  0857               	movf	?___awdiv,w
   277  007B  00CE               	movwf	??_main
   278  007C  3002               	movlw	2
   279  007D  00DB               	movwf	?_bresenham+4
   280  007E  3003               	movlw	3
   281  007F  00DC               	movwf	?_bresenham+5
   282  0080  303E               	movlw	62
   283  0081  00D9               	movwf	?_bresenham+2
   284  0082  01DA               	clrf	?_bresenham+3
   285  0083  0852               	movf	??_main+4,w
   286  0084  3E85               	addlw	133
   287  0085  00D7               	movwf	?_bresenham
   288  0086  0853               	movf	??_main+5,w
   289  0087  1803               	btfsc	3,0
   290  0088  3E01               	addlw	1
   291  0089  00D8               	movwf	?_bresenham+1
   292  008A  2284               	fcall	_bresenham
   293  008B  0858               	movf	?_bresenham+1,w
   294  008C  00DA               	movwf	?_printf+3
   295  008D  0857               	movf	?_bresenham,w
   296  008E  00D9               	movwf	?_printf+2
   297  008F  084F               	movf	??_main+1,w
   298  0090  00D8               	movwf	?_printf+1
   299  0091  084E               	movf	??_main,w
   300  0092  00D7               	movwf	?_printf
   301  0093  303D               	movlw	(STR_3-__stringbase)& (0+255)
   302  0094  2152               	fcall	_printf
   303                           ;tmp-hum.c: 93: __delay_s(1);
   304  0095  3001               	movlw	1
   305  0096  22E8               	fcall	___delay_s
   306  0097  283E               	goto	l18
   307                           ; =============== function _main ends =========
      +                          ======
   308  0098                     __end_of_main:
   309                           	opt stack 0
   310                           
   311                           	psect	text98
   312                           ; *************** function _bresenham *********
      +                          ******
   313                           ; Defined at:
   314                           ;		line 35 in file "C:\pic\tmp-hum\tmp-hum.c"
   315                           ; Parameters:
   316                           ;		n           	offs:   0	type: unsigned int 
   317                           ;		m           	offs:   2	type: unsigned int 
   318                           ;		d           	offs:   4	type: unsigned int 
   319                           ; Auto variables:
   320                           ;		s           	       	type: unsigned int 
   321                           ;		e           	       	type: unsigned int 
   322                           ; Return value:
   323                           ;		type: unsigned int 
   324                           ;		size: 2
   325                           ; Registers used:
   326                           ;		wreg, status,2, status,0
   327                           ; Tracked objects:
   328                           ;		On entry : 100/0
   329                           ;		On exit  : 100/0
   330                           ;		Unchanged: FFFFFEFF/0
   331                           ; Data sizes:
   332                           ;		Autos:    4
   333                           ;		Params:   6
   334                           ;		Temp:     0
   335                           ;		Total:   10
   336                           ; This function calls:
   337                           ;		Nothing
   338                           ; This function is called by:
   339                           ;		_main
   340                           ; This function uses a non-reentrant model
   341                           ; 
   342                           ;tmp-hum.c: 33: unsigned int bresenham(
   343                           ;tmp-hum.c: 34: unsigned int n, unsigned int m,
      +                           unsigned int d
   344                           ;tmp-hum.c: 35: ){
   345  0284                     _bresenham:
   346                           	opt stack 5
   347                           ; Regs used in _bresenham: [wreg+status,2+statu
      +                          s,0]
   348                           ;tmp-hum.c: 36: unsigned int e;
   349                           ;tmp-hum.c: 37: unsigned int s;
   350                           ;tmp-hum.c: 39: s = e = 0;
   351  0284  01DF               	clrf	??_bresenham+2
   352  0285  01E0               	clrf	??_bresenham+3
   353  0286  01DD               	clrf	??_bresenham
   354  0287  01DE               	clrf	??_bresenham+1
   355                           ;tmp-hum.c: 40: while(n--){
   356  0288  2AA1               	goto	l10
   357  0289                     l11:
   358                           ;tmp-hum.c: 41: e += m;
   359  0289  0859               	movf	?_bresenham+2,w
   360  028A  07DF               	addwf	??_bresenham+2,f
   361  028B  1803               	btfsc	3,0
   362  028C  0AE0               	incf	??_bresenham+3,f
   363  028D  085A               	movf	?_bresenham+3,w
   364  028E  07E0               	addwf	??_bresenham+3,f
   365                           ;tmp-hum.c: 42: while(e >= d){
   366  028F                     l13:
   367  028F  085C               	movf	?_bresenham+5,w
   368  0290  0260               	subwf	??_bresenham+3,w
   369  0291  1D03               	btfss	3,2
   370  0292  2A95               	goto	u1505
   371  0293  085B               	movf	?_bresenham+4,w
   372  0294  025F               	subwf	??_bresenham+2,w
   373  0295                     u1505:
   374  0295  1C03               	btfss	3,0
   375  0296  2AA1               	goto	l10
   376                           ;tmp-hum.c: 43: e -= d;
   377  0297  085B               	movf	?_bresenham+4,w
   378  0298  02DF               	subwf	??_bresenham+2,f
   379  0299  085C               	movf	?_bresenham+5,w
   380  029A  1C03               	btfss	3,0
   381  029B  03E0               	decf	??_bresenham+3,f
   382  029C  02E0               	subwf	??_bresenham+3,f
   383                           ;tmp-hum.c: 44: s++;
   384  029D  0ADD               	incf	??_bresenham,f
   385  029E  1903               	btfsc	3,2
   386  029F  0ADE               	incf	??_bresenham+1,f
   387  02A0  2A8F               	goto	l13
   388  02A1                     l10:
   389  02A1  3001               	movlw	1
   390  02A2  02D7               	subwf	?_bresenham,f
   391  02A3  1C03               	btfss	3,0
   392  02A4  03D8               	decf	?_bresenham+1,f
   393  02A5  0A57               	incf	?_bresenham& (0+127),w
   394  02A6  1903               	btfsc	3,2
   395  02A7  0A58               	incf	(?_bresenham+1)& (0+127),w
   396  02A8  1D03               	btfss	3,2
   397  02A9  2A89               	goto	l11
   398  02AA  085E               	movf	??_bresenham+1,w
   399  02AB  00D8               	movwf	?_bresenham+1
   400  02AC  085D               	movf	??_bresenham,w
   401  02AD  00D7               	movwf	?_bresenham
   402                           ;tmp-hum.c: 48: }
   403  02AE  0008               	return
   404                           ; =============== function _bresenham ends ====
      +                          ===========
   405  02AF                     __end_of_bresenham:
   406                           	opt stack 0
   407                           
   408                           	psect	text99
   409                           ; *************** function ___awdiv ***********
      +                          ****
   410                           ; Defined at:
   411                           ;		line 5 in file "C:\Program Files\HI-TECH Sof
      +                          tware\PICC\PRO\9.65\sources\awdiv.c"
   412                           ; Parameters:
   413                           ;		dividend    	offs:   0	type: int 
   414                           ;		divisor     	offs:   2	type: int 
   415                           ; Auto variables:
   416                           ;		sign        	       	type: unsigned char 
   417                           ;		counter     	       	type: unsigned char 
   418                           ;		quotient    	       	type: int 
   419                           ; Return value:
   420                           ;		type: int 
   421                           ;		size: 2
   422                           ; Registers used:
   423                           ;		wreg, status,2, status,0
   424                           ; Tracked objects:
   425                           ;		On entry : 100/0
   426                           ;		On exit  : 100/0
   427                           ;		Unchanged: FFFFFEFF/0
   428                           ; Data sizes:
   429                           ;		Autos:    4
   430                           ;		Params:   4
   431                           ;		Temp:     0
   432                           ;		Total:    8
   433                           ; This function calls:
   434                           ;		Nothing
   435                           ; This function is called by:
   436                           ;		_main
   437                           ; This function uses a non-reentrant model
   438                           ; 
   439  0213                     ___awdiv:
   440                           	opt stack 5
   441                           ; Regs used in ___awdiv: [wreg+status,2+status,
      +                          0]
   442  0213  01DC               	clrf	??___awdiv+1
   443  0214  1FDA               	btfss	?___awdiv+3,7
   444  0215  2A1D               	goto	l249
   445  0216  09D9               	comf	?___awdiv+2,f
   446  0217  09DA               	comf	?___awdiv+3,f
   447  0218  0AD9               	incf	?___awdiv+2,f
   448  0219  1903               	btfsc	3,2
   449  021A  0ADA               	incf	?___awdiv+3,f
   450  021B  01DC               	clrf	??___awdiv+1
   451  021C  0ADC               	incf	??___awdiv+1,f
   452  021D                     l249:
   453  021D  1FD8               	btfss	?___awdiv+1,7
   454  021E  2A26               	goto	l250
   455  021F  09D7               	comf	?___awdiv,f
   456  0220  09D8               	comf	?___awdiv+1,f
   457  0221  0AD7               	incf	?___awdiv,f
   458  0222  1903               	btfsc	3,2
   459  0223  0AD8               	incf	?___awdiv+1,f
   460  0224  3001               	movlw	1
   461  0225  06DC               	xorwf	??___awdiv+1,f
   462  0226                     l250:
   463  0226  01DD               	clrf	??___awdiv+2
   464  0227  01DE               	clrf	??___awdiv+3
   465  0228  085A               	movf	?___awdiv+3,w
   466  0229  0459               	iorwf	?___awdiv+2,w
   467  022A  1903               	btfsc	3,2
   468  022B  2A4C               	goto	l251
   469  022C  01DB               	clrf	??___awdiv
   470  022D                     L1:
   471  022D  0ADB               	incf	??___awdiv,f
   472  022E  1003               	bcf	3,0
   473  022F  1BDA               	btfsc	?___awdiv+3,7
   474  0230  2A35               	goto	L3
   475  0231  0DD9               	rlf	?___awdiv+2,f
   476  0232  0DDA               	rlf	?___awdiv+3,f
   477  0233  2A2D               	goto	L1
   478  0234                     l257:
   479  0234  1003               	bcf	3,0
   480  0235                     L3:
   481  0235  0DDD               	rlf	??___awdiv+2,f
   482  0236  0DDE               	rlf	??___awdiv+3,f
   483  0237  085A               	movf	?___awdiv+3,w
   484  0238  0258               	subwf	?___awdiv+1,w
   485  0239  1D03               	btfss	3,2
   486  023A  2A3D               	goto	u1565
   487  023B  0859               	movf	?___awdiv+2,w
   488  023C  0257               	subwf	?___awdiv,w
   489  023D                     u1565:
   490  023D  1C03               	btfss	3,0
   491  023E  2A48               	goto	L2
   492  023F  0859               	movf	?___awdiv+2,w
   493  0240  02D7               	subwf	?___awdiv,f
   494  0241  085A               	movf	?___awdiv+3,w
   495  0242  1C03               	btfss	3,0
   496  0243  03D8               	decf	?___awdiv+1,f
   497  0244  02D8               	subwf	?___awdiv+1,f
   498  0245  3001               	movlw	1
   499  0246  04DD               	iorwf	??___awdiv+2,f
   500  0247  1003               	bcf	3,0
   501  0248                     L2:
   502  0248  0CDA               	rrf	?___awdiv+3,f
   503  0249  0CD9               	rrf	?___awdiv+2,f
   504  024A  0BDB               	decfsz	??___awdiv,f
   505  024B  2A34               	goto	l257
   506  024C                     l251:
   507  024C  08DC               	movf	??___awdiv+1,f
   508  024D  1903               	btfsc	3,2
   509  024E  2A54               	goto	l259
   510  024F  09DD               	comf	??___awdiv+2,f
   511  0250  09DE               	comf	??___awdiv+3,f
   512  0251  0ADD               	incf	??___awdiv+2,f
   513  0252  1903               	btfsc	3,2
   514  0253  0ADE               	incf	??___awdiv+3,f
   515  0254                     l259:
   516  0254  085E               	movf	??___awdiv+3,w
   517  0255  00D8               	movwf	?___awdiv+1
   518  0256  085D               	movf	??___awdiv+2,w
   519  0257  00D7               	movwf	?___awdiv
   520  0258  0008               	return
   521                           ; =============== function ___awdiv ends ======
      +                          =========
   522  0259                     __end_of___awdiv:
   523                           	opt stack 0
   524                           
   525                           	psect	text100
   526                           ; *************** function ___wmul ************
      +                          ***
   527                           ; Defined at:
   528                           ;		line 3 in file "C:\Program Files\HI-TECH Sof
      +                          tware\PICC\PRO\9.65\sources\wmul.c"
   529                           ; Parameters:
   530                           ;		multiplier  	offs:   0	type: unsigned int 
   531                           ;		multiplicand	offs:   2	type: unsigned int 
   532                           ; Auto variables:
   533                           ;		product     	       	type: unsigned int 
   534                           ; Return value:
   535                           ;		type: unsigned int 
   536                           ;		size: 2
   537                           ; Registers used:
   538                           ;		wreg, status,2, status,0
   539                           ; Tracked objects:
   540                           ;		On entry : 100/0
   541                           ;		On exit  : 100/0
   542                           ;		Unchanged: FFFFFEFF/0
   543                           ; Data sizes:
   544                           ;		Autos:    2
   545                           ;		Params:   4
   546                           ;		Temp:     0
   547                           ;		Total:    6
   548                           ; This function calls:
   549                           ;		Nothing
   550                           ; This function is called by:
   551                           ;		_main
   552                           ; This function uses a non-reentrant model
   553                           ; 
   554  02CF                     ___wmul:
   555                           	opt stack 5
   556                           ; Regs used in ___wmul: [wreg+status,2+status,0
      +                          ]
   557  02CF  01DB               	clrf	??___wmul
   558  02D0  01DC               	clrf	??___wmul+1
   559  02D1                     l92:
   560  02D1  1C57               	btfss	?___wmul,0
   561  02D2  2AD9               	goto	l93
   562  02D3  0859               	movf	?___wmul+2,w
   563  02D4  07DB               	addwf	??___wmul,f
   564  02D5  1803               	btfsc	3,0
   565  02D6  0ADC               	incf	??___wmul+1,f
   566  02D7  085A               	movf	?___wmul+3,w
   567  02D8  07DC               	addwf	??___wmul+1,f
   568  02D9                     l93:
   569  02D9  1003               	bcf	3,0
   570  02DA  0DD9               	rlf	?___wmul+2,f
   571  02DB  0DDA               	rlf	?___wmul+3,f
   572  02DC  1003               	bcf	3,0
   573  02DD  0CD8               	rrf	?___wmul+1,f
   574  02DE  0CD7               	rrf	?___wmul,f
   575  02DF  0858               	movf	?___wmul+1,w
   576  02E0  0457               	iorwf	?___wmul,w
   577  02E1  1D03               	btfss	3,2
   578  02E2  2AD1               	goto	l92
   579  02E3  085C               	movf	??___wmul+1,w
   580  02E4  00D8               	movwf	?___wmul+1
   581  02E5  085B               	movf	??___wmul,w
   582  02E6  00D7               	movwf	?___wmul
   583  02E7  0008               	return
   584                           ; =============== function ___wmul ends =======
      +                          ========
   585  02E8                     __end_of___wmul:
   586                           	opt stack 0
   587                           
   588                           	psect	text101
   589                           ; *************** function _scif_init *********
      +                          ******
   590                           ; Defined at:
   591                           ;		line 33 in file "C:\pic\tmp-hum\scif.c"
   592                           ; Parameters:
   593                           ;		None
   594                           ; Auto variables:
   595                           ;		None
   596                           ; Return value:
   597                           ;		type: void 
   598                           ;		size: 0
   599                           ; Registers used:
   600                           ;		wreg
   601                           ; Tracked objects:
   602                           ;		On entry : BFF/0
   603                           ;		On exit  : BFF/0
   604                           ;		Unchanged: FFFFFEFF/0
   605                           ; Data sizes:
   606                           ;		Autos:    0
   607                           ;		Params:   0
   608                           ;		Temp:     0
   609                           ;		Total:    0
   610                           ; This function calls:
   611                           ;		Nothing
   612                           ; This function is called by:
   613                           ;		_main
   614                           ; This function uses a non-reentrant model
   615                           ; 
   616                           ;pic12f683.h: 15: volatile unsigned char INDF @
      +                           0x00;
   617                           ;pic12f683.h: 16: volatile unsigned char TMR0 @
      +                           0x01;
   618                           ;pic12f683.h: 17: volatile unsigned char PCL @ 
      +                          0x02;
   619                           ;pic12f683.h: 18: volatile unsigned char STATUS
      +                           @ 0x03;
   620                           ;pic12f683.h: 19: unsigned char FSR @ 0x04;
   621                           ;pic12f683.h: 20: volatile unsigned char GPIO @
      +                           0x05;
   622                           ;pic12f683.h: 21: volatile unsigned char PCLATH
      +                           @ 0x0A;
   623                           ;pic12f683.h: 22: volatile unsigned char INTCON
      +                           @ 0x0B;
   624                           ;pic12f683.h: 23: volatile unsigned char PIR1 @
      +                           0x0C;
   625                           ;pic12f683.h: 24: volatile unsigned char TMR1L 
      +                          @ 0x0E;
   626  02FE                     _scif_init:
   627                           	opt stack 5
   628                           ; Regs used in _scif_init: [wreg]
   629                           ;scif.c: 34: rx_state = RX_MARK;
   630  02FE  01F6               	clrf	118
   631                           ;scif.c: 35: skip_ovs = 1;
   632  02FF  01FD               	clrf	125
   633  0300  0AFD               	incf	125,f
   634                           ;scif.c: 37: scif_wp = 0;
   635  0301  01FC               	clrf	124
   636                           ;scif.c: 38: scif_rp = 0;
   637  0302  01FB               	clrf	123
   638                           ;scif.c: 39: scif_dc = 0;
   639  0303  01F7               	clrf	119
   640                           ;scif.c: 41: CMCON0 = 0b00000111;
   641  0304  3007               	movlw	7
   642  0305  0099               	movwf	25	;volatile
   643                           ;scif.c: 42: TRISIO5 = 0;
   644  0306  1683               	bsf	3,5	;RP0=1, select bank1
   645  0307  1285               	bcf	5,5
   646                           ;scif.c: 43: TRISIO3 = 1;
   647  0308  1585               	bsf	5,3
   648                           ;scif.c: 44: OPTION = 0b10000000;
   649  0309  3080               	movlw	128
   650  030A  0081               	movwf	1
   651                           ;scif.c: 45: TMR0 = 59 - 2;
   652  030B  3039               	movlw	57
   653  030C  1283               	bcf	3,5	;RP0=0, select bank0
   654  030D  0081               	movwf	1	;volatile
   655                           ;scif.c: 46: T0IF = 0;
   656  030E  110B               	bcf	11,2
   657                           ;scif.c: 47: T0IE = 1;
   658  030F  168B               	bsf	11,5
   659                           ;scif.c: 48: }
   660  0310  0008               	return
   661                           ; =============== function _scif_init ends ====
      +                          ===========
   662  0311                     __end_of_scif_init:
   663                           	opt stack 0
   664                           
   665                           	psect	text102
   666                           ; *************** function _printf ************
      +                          ***
   667                           ; Defined at:
   668                           ;		line 465 in file "C:\Program Files\HI-TECH S
      +                          oftware\PICC\PRO\9.65\lib\doprnt.c"
   669                           ; Parameters:
   670                           ;		f           	reg:   wr	type: PTR const unsig
      +                          ned char ; Largest target is 28
   671                           ;		 -> STR_3(7), STR_2(22), STR_1(28), 
   672                           ; Auto variables:
   673                           ;		flag        	       	type: unsigned char 
   674                           ;		f           	       	type: PTR const unsigne
      +                          d char ; Largest target is 28
   675                           ;		 -> STR_3(7), STR_2(22), STR_1(28), 
   676                           ;		prec        	       	type: char 
   677                           ;		ap          	       	type: PTR void [1]
   678                           ;		c           	       	type: char 
   679                           ;		_val        	       	type: struct .
   680                           ; Return value:
   681                           ;		type: int 
   682                           ;		size: 2
   683                           ; Registers used:
   684                           ;		wreg, fsr0l, fsr0h, status,2, status,0, pcla
      +                          th, cstack
   685                           ; Tracked objects:
   686                           ;		On entry : 100/0
   687                           ;		On exit  : 100/0
   688                           ;		Unchanged: FFFFF6FF/0
   689                           ; Data sizes:
   690                           ;		Autos:    9
   691                           ;		Params:   4
   692                           ;		Temp:     2
   693                           ;		Total:   15
   694                           ; This function calls:
   695                           ;		_putch
   696                           ;		___lwdiv
   697                           ;		___lwmod
   698                           ; This function is called by:
   699                           ;		_main
   700                           ; This function uses a non-reentrant model
   701                           ; 
   702  0152                     _printf:
   703                           	opt stack 5
   704                           ; Regs used in _printf: [wreg-fsr0h+status,2+st
      +                          atus,0+pclath+cstack]
   705                           ;_printf_f stored from wreg
   706  0152  00DC               	movwf	??_printf+1
   707  0153  3057               	movlw	?_printf& (0+255)
   708  0154  00DE               	movwf	??_printf+3
   709  0155  29BC               	goto	l64
   710  0156                     l65:
   711  0156  085F               	movf	??_printf+4,w
   712  0157  3A25               	xorlw	37
   713  0158  1903               	btfsc	3,2
   714  0159  295D               	goto	l67
   715  015A  085F               	movf	??_printf+4,w
   716  015B  2311               	fcall	_putch
   717  015C  29BC               	goto	l64
   718  015D                     l67:
   719  015D  01DD               	clrf	??_printf+2
   720  015E  085C               	movf	??_printf+1,w
   721  015F  0ADC               	incf	??_printf+1,f
   722  0160  2109               	fcall	stringdir
   723  0161  00DF               	movwf	??_printf+4
   724  0162  3A00               	xorlw	0
   725  0163  1903               	btfsc	3,2
   726  0164  0008               	return
   727  0165  3A64               	xorlw	100
   728  0166  1D03               	btfss	3,2
   729  0167  3A0D               	xorlw	13
   730  0168  1D03               	btfss	3,2
   731  0169  29BC               	goto	l64
   732  016A  085E               	movf	??_printf+3,w
   733  016B  0084               	movwf	4
   734  016C  1383               	bcf	3,7	;select IRP bank0
   735  016D  0800               	movf	0,w
   736  016E  00E0               	movwf	??_printf+5
   737  016F  0A84               	incf	4,f
   738  0170  0800               	movf	0,w
   739  0171  00E1               	movwf	??_printf+6
   740  0172  0ADE               	incf	??_printf+3,f
   741  0173  0ADE               	incf	??_printf+3,f
   742  0174  1FE1               	btfss	??_printf+6,7
   743  0175  297D               	goto	l75
   744  0176  3003               	movlw	3
   745  0177  04DD               	iorwf	??_printf+2,f
   746  0178  09E0               	comf	??_printf+5,f
   747  0179  09E1               	comf	??_printf+6,f
   748  017A  0AE0               	incf	??_printf+5,f
   749  017B  1903               	btfsc	3,2
   750  017C  0AE1               	incf	??_printf+6,f
   751  017D                     l75:
   752  017D  01DF               	clrf	??_printf+4
   753  017E  0ADF               	incf	??_printf+4,f
   754  017F                     l76:
   755  017F  1003               	bcf	3,0
   756  0180  0D5F               	rlf	??_printf+4,w
   757  0181  3E01               	addlw	_dpowers-__stringbase
   758  0182  00E5               	movwf	??_printf+10
   759  0183  2109               	fcall	stringdir
   760  0184  00E4               	movwf	??_printf+9
   761  0185  0AE5               	incf	??_printf+10,f
   762  0186  0865               	movf	??_printf+10,w
   763  0187  2109               	fcall	stringdir
   764  0188  00E5               	movwf	??_printf+10
   765  0189  0261               	subwf	??_printf+6,w
   766  018A  1D03               	btfss	3,2
   767  018B  298E               	goto	u1995
   768  018C  0864               	movf	??_printf+9,w
   769  018D  0260               	subwf	??_printf+5,w
   770  018E                     u1995:
   771  018E  1C03               	btfss	3,0
   772  018F  2995               	goto	l77
   773  0190  0ADF               	incf	??_printf+4,f
   774  0191  085F               	movf	??_printf+4,w
   775  0192  3A05               	xorlw	5
   776  0193  1D03               	btfss	3,2
   777  0194  297F               	goto	l76
   778  0195                     l77:
   779  0195  085D               	movf	??_printf+2,w
   780  0196  3903               	andlw	3
   781  0197  1903               	btfsc	3,2
   782  0198  299B               	goto	l80
   783  0199  302D               	movlw	45
   784  019A  2311               	fcall	_putch
   785  019B                     l80:
   786  019B  085F               	movf	??_printf+4,w
   787  019C  00DB               	movwf	??_printf
   788  019D  29B9               	goto	l81
   789  019E                     l82:
   790  019E  1003               	bcf	3,0
   791  019F  0D5B               	rlf	??_printf,w
   792  01A0  3E01               	addlw	_dpowers-__stringbase
   793  01A1  00E4               	movwf	??_printf+9
   794  01A2  2109               	fcall	stringdir
   795  01A3  00E8               	movwf	?___lwdiv+2
   796  01A4  0AE4               	incf	??_printf+9,f
   797  01A5  0864               	movf	??_printf+9,w
   798  01A6  2109               	fcall	stringdir
   799  01A7  00E9               	movwf	?___lwdiv+3
   800  01A8  0861               	movf	??_printf+6,w
   801  01A9  00E7               	movwf	?___lwdiv+1
   802  01AA  0860               	movf	??_printf+5,w
   803  01AB  00E6               	movwf	?___lwdiv
   804  01AC  2259               	fcall	___lwdiv
   805  01AD  0867               	movf	?___lwdiv+1,w
   806  01AE  00E7               	movwf	?___lwmod+1
   807  01AF  0866               	movf	?___lwdiv,w
   808  01B0  00E6               	movwf	?___lwmod
   809  01B1  300A               	movlw	10
   810  01B2  00E8               	movwf	?___lwmod+2
   811  01B3  01E9               	clrf	?___lwmod+3
   812  01B4  22AF               	fcall	___lwmod
   813  01B5  0866               	movf	?___lwmod,w
   814  01B6  3E30               	addlw	48
   815  01B7  00DF               	movwf	??_printf+4
   816  01B8  2311               	fcall	_putch
   817  01B9                     l81:
   818  01B9  03DB               	decf	??_printf,f
   819  01BA  0F5B               	incfsz	??_printf& (0+127),w
   820  01BB  299E               	goto	l82
   821  01BC                     l64:
   822  01BC  085C               	movf	??_printf+1,w
   823  01BD  0ADC               	incf	??_printf+1,f
   824  01BE  2109               	fcall	stringdir
   825  01BF  00DF               	movwf	??_printf+4
   826  01C0  08DF               	movf	(??_printf+4)& (0+127),f
   827  01C1  1903               	btfsc	3,2
   828  01C2  0008               	return
   829  01C3  2956               	goto	l65
   830                           ; =============== function _printf ends =======
      +                          ========
   831  01C4                     __end_of_printf:
   832                           	opt stack 0
   833                           
   834                           	psect	text103
   835                           ; *************** function ___delay_s *********
      +                          ******
   836                           ; Defined at:
   837                           ;		line 26 in file "C:\pic\tmp-hum\tmp-hum.c"
   838                           ; Parameters:
   839                           ;		s           	reg:   wr	type: unsigned char 
   840                           ; Auto variables:
   841                           ;		s           	       	type: unsigned char 
   842                           ;		i           	       	type: unsigned char 
   843                           ; Return value:
   844                           ;		type: void 
   845                           ;		size: 0
   846                           ; Registers used:
   847                           ;		wreg, status,2, status,0
   848                           ; Tracked objects:
   849                           ;		On entry : 100/0
   850                           ;		On exit  : 100/0
   851                           ;		Unchanged: 0/0
   852                           ; Data sizes:
   853                           ;		Autos:    2
   854                           ;		Params:   0
   855                           ;		Temp:     2
   856                           ;		Total:    4
   857                           ; This function calls:
   858                           ;		__delay
   859                           ; This function is called by:
   860                           ;		_main
   861                           ; This function uses a non-reentrant model
   862                           ; 
   863                           ;tmp-hum.c: 13: asm("\tpsect config,class=CONFI
      +                          G,delta=2"); asm("\tdw ""0x3FDF & 0x3FEF & 0x3C
      +                          FF & 0x3FFF & 0x3FF7 & 0x3FFC & 0x37FF & 0x3BFF
      +                          ");
   864                           ;tmp-hum.c: 24: asm("\tpsect idloc,class=IDLOC,
      +                          delta=2"); asm("\tglobal\tidloc_word"); asm("id
      +                          loc_word"); asm("\tirpc\t__arg," "F683"); asm("
      +                          \tdw 0&__arg&h"); asm("\tendm");
   865                           ;tmp-hum.c: 26: void __delay_s(unsigned char s)
      +                          {
   866  02E8                     ___delay_s:
   867                           	opt stack 5
   868                           ; Regs used in ___delay_s: [wreg+status,2+statu
      +                          s,0]
   869                           ;___delay_s_s stored from wreg
   870  02E8  00D7               	movwf	??___delay_s
   871                           ;tmp-hum.c: 27: unsigned char i;
   872                           ;tmp-hum.c: 29: while(s--)
   873  02E9  2AFA               	goto	l3
   874  02EA                     l4:
   875                           ;tmp-hum.c: 30: for(i = 0; i < 100; i++) _delay
      +                          ((unsigned long)((10)*(8000000/4000.0)));
   876  02EA  01D8               	clrf	??___delay_s+1
   877  02EB                     l6:
   878  02EB  301A               	movlw	26
   879  02EC  00DA               	movwf	??___delay_s+3
   880  02ED  30F8               	movlw	248
   881  02EE  00D9               	movwf	??___delay_s+2
   882  02EF                     u2187:
   883  02EF  0BD9               	decfsz	??___delay_s+2,f
   884  02F0  2AEF               	goto	u2187
   885  02F1  0BDA               	decfsz	??___delay_s+3,f
   886  02F2  2AEF               	goto	u2187
   887  02F3  0064               	clrwdt
   888  02F4  1283               	bcf	3,5	;RP0=0, select bank0
   889  02F5  0AD8               	incf	??___delay_s+1,f
   890  02F6  3064               	movlw	100
   891  02F7  0258               	subwf	??___delay_s+1,w
   892  02F8  1C03               	btfss	3,0
   893  02F9  2AEB               	goto	l6
   894  02FA                     l3:
   895  02FA  03D7               	decf	??___delay_s,f
   896  02FB  0F57               	incfsz	??___delay_s& (0+127),w
   897  02FC  2AEA               	goto	l4
   898  02FD  0008               	return
   899                           ;tmp-hum.c: 31: }
   900                           ; =============== function ___delay_s ends ====
      +                          ===========
   901  02FE                     __end_of___delay_s:
   902                           	opt stack 0
   903                           
   904                           	psect	text104
   905                           ; *************** function ___lwdiv ***********
      +                          ****
   906                           ; Defined at:
   907                           ;		line 5 in file "C:\Program Files\HI-TECH Sof
      +                          tware\PICC\PRO\9.65\sources\lwdiv.c"
   908                           ; Parameters:
   909                           ;		dividend    	offs:   0	type: unsigned int 
   910                           ;		divisor     	offs:   2	type: unsigned int 
   911                           ; Auto variables:
   912                           ;		counter     	       	type: unsigned char 
   913                           ;		quotient    	       	type: unsigned int 
   914                           ; Return value:
   915                           ;		type: unsigned int 
   916                           ;		size: 2
   917                           ; Registers used:
   918                           ;		wreg, status,2, status,0
   919                           ; Tracked objects:
   920                           ;		On entry : 100/0
   921                           ;		On exit  : 100/0
   922                           ;		Unchanged: FFFFFEFF/0
   923                           ; Data sizes:
   924                           ;		Autos:    3
   925                           ;		Params:   4
   926                           ;		Temp:     0
   927                           ;		Total:    7
   928                           ; This function calls:
   929                           ;		Nothing
   930                           ; This function is called by:
   931                           ;		_printf
   932                           ; This function uses a non-reentrant model
   933                           ; 
   934  0259                     ___lwdiv:
   935                           	opt stack 4
   936                           ; Regs used in ___lwdiv: [wreg+status,2+status,
      +                          0]
   937  0259  01EB               	clrf	??___lwdiv+1
   938  025A  01EC               	clrf	??___lwdiv+2
   939  025B  0869               	movf	?___lwdiv+3,w
   940  025C  0468               	iorwf	?___lwdiv+2,w
   941  025D  1903               	btfsc	3,2
   942  025E  2A7F               	goto	l95
   943  025F  01EA               	clrf	??___lwdiv
   944  0260                     L4:
   945  0260  0AEA               	incf	??___lwdiv,f
   946  0261  1003               	bcf	3,0
   947  0262  1BE9               	btfsc	?___lwdiv+3,7
   948  0263  2A68               	goto	L6
   949  0264  0DE8               	rlf	?___lwdiv+2,f
   950  0265  0DE9               	rlf	?___lwdiv+3,f
   951  0266  2A60               	goto	L4
   952  0267                     l101:
   953  0267  1003               	bcf	3,0
   954  0268                     L6:
   955  0268  0DEB               	rlf	??___lwdiv+1,f
   956  0269  0DEC               	rlf	??___lwdiv+2,f
   957  026A  0869               	movf	?___lwdiv+3,w
   958  026B  0267               	subwf	?___lwdiv+1,w
   959  026C  1D03               	btfss	3,2
   960  026D  2A70               	goto	u1745
   961  026E  0868               	movf	?___lwdiv+2,w
   962  026F  0266               	subwf	?___lwdiv,w
   963  0270                     u1745:
   964  0270  1C03               	btfss	3,0
   965  0271  2A7B               	goto	L5
   966  0272  0868               	movf	?___lwdiv+2,w
   967  0273  02E6               	subwf	?___lwdiv,f
   968  0274  0869               	movf	?___lwdiv+3,w
   969  0275  1C03               	btfss	3,0
   970  0276  03E7               	decf	?___lwdiv+1,f
   971  0277  02E7               	subwf	?___lwdiv+1,f
   972  0278  3001               	movlw	1
   973  0279  04EB               	iorwf	??___lwdiv+1,f
   974  027A  1003               	bcf	3,0
   975  027B                     L5:
   976  027B  0CE9               	rrf	?___lwdiv+3,f
   977  027C  0CE8               	rrf	?___lwdiv+2,f
   978  027D  0BEA               	decfsz	??___lwdiv,f
   979  027E  2A67               	goto	l101
   980  027F                     l95:
   981  027F  086C               	movf	??___lwdiv+2,w
   982  0280  00E7               	movwf	?___lwdiv+1
   983  0281  086B               	movf	??___lwdiv+1,w
   984  0282  00E6               	movwf	?___lwdiv
   985  0283  0008               	return
   986                           ; =============== function ___lwdiv ends ======
      +                          =========
   987  0284                     __end_of___lwdiv:
   988                           	opt stack 0
   989                           
   990                           	psect	text105
   991                           ; *************** function _putch *************
      +                          **
   992                           ; Defined at:
   993                           ;		line 111 in file "C:\pic\tmp-hum\scif.c"
   994                           ; Parameters:
   995                           ;		c           	reg:   wr	type: unsigned char 
   996                           ; Auto variables:
   997                           ;		c           	       	type: unsigned char 
   998                           ; Return value:
   999                           ;		type: void 
  1000                           ;		size: 0
  1001                           ; Registers used:
  1002                           ;		wreg, status,2, status,0
  1003                           ; Tracked objects:
  1004                           ;		On entry : 100/0
  1005                           ;		On exit  : 100/0
  1006                           ;		Unchanged: FFFFFEFF/0
  1007                           ; Data sizes:
  1008                           ;		Autos:    1
  1009                           ;		Params:   0
  1010                           ;		Temp:     0
  1011                           ;		Total:    1
  1012                           ; This function calls:
  1013                           ;		Nothing
  1014                           ; This function is called by:
  1015                           ;		_printf
  1016                           ; This function uses a non-reentrant model
  1017                           ; 
  1018                           ;scif.c: 111: void putch(unsigned char c){
  1019  0311                     _putch:
  1020                           	opt stack 4
  1021                           ; Regs used in _putch: [wreg+status,2+status,0]
  1022                           ;_putch_c stored from wreg
  1023  0311  00E6               	movwf	??_putch
  1024                           ;scif.c: 112: while(tx_bit);
  1025  0312                     l43:
  1026  0312  08F9               	movf	121,f
  1027  0313  1D03               	btfss	3,2
  1028  0314  2B12               	goto	l43
  1029                           ;scif.c: 113: tx_next = 0;
  1030  0315  1075               	bcf	117,0
  1031                           ;scif.c: 114: tx_buf = c;
  1032  0316  0866               	movf	??_putch,w
  1033  0317  00FA               	movwf	122
  1034                           ;scif.c: 115: tx_bit = 11 * 4;
  1035  0318  302C               	movlw	44
  1036  0319  00F9               	movwf	121
  1037                           ;scif.c: 116: }
  1038  031A  0008               	return
  1039                           ; =============== function _putch ends ========
      +                          =======
  1040  031B                     __end_of_putch:
  1041                           	opt stack 0
  1042                           
  1043                           	psect	text106
  1044                           ; *************** function ___lwmod ***********
      +                          ****
  1045                           ; Defined at:
  1046                           ;		line 5 in file "C:\Program Files\HI-TECH Sof
      +                          tware\PICC\PRO\9.65\sources\lwmod.c"
  1047                           ; Parameters:
  1048                           ;		dividend    	offs:   0	type: unsigned int 
  1049                           ;		divisor     	offs:   2	type: unsigned int 
  1050                           ; Auto variables:
  1051                           ;		counter     	       	type: unsigned char 
  1052                           ; Return value:
  1053                           ;		type: unsigned int 
  1054                           ;		size: 2
  1055                           ; Registers used:
  1056                           ;		wreg, status,2, status,0
  1057                           ; Tracked objects:
  1058                           ;		On entry : 100/0
  1059                           ;		On exit  : 100/0
  1060                           ;		Unchanged: FFFFFEFF/0
  1061                           ; Data sizes:
  1062                           ;		Autos:    1
  1063                           ;		Params:   4
  1064                           ;		Temp:     0
  1065                           ;		Total:    5
  1066                           ; This function calls:
  1067                           ; This function is called by:
  1068                           ;		_printf
  1069                           ; This function uses a non-reentrant model
  1070                           ; 
  1071  02AF                     ___lwmod:
  1072                           	opt stack 4
  1073                           ; Regs used in ___lwmod: [wreg+status,2+status,
      +                          0]
  1074  02AF  0869               	movf	?___lwmod+3,w
  1075  02B0  0468               	iorwf	?___lwmod+2,w
  1076  02B1  1903               	btfsc	3,2
  1077  02B2  0008               	return
  1078  02B3  01EA               	clrf	??___lwmod
  1079  02B4                     L7:
  1080  02B4  0AEA               	incf	??___lwmod,f
  1081  02B5  1BE9               	btfsc	?___lwmod+3,7
  1082  02B6  2ABB               	goto	l110
  1083  02B7  1003               	bcf	3,0
  1084  02B8  0DE8               	rlf	?___lwmod+2,f
  1085  02B9  0DE9               	rlf	?___lwmod+3,f
  1086  02BA  2AB4               	goto	L7
  1087  02BB                     l110:
  1088  02BB  0869               	movf	?___lwmod+3,w
  1089  02BC  0267               	subwf	?___lwmod+1,w
  1090  02BD  1D03               	btfss	3,2
  1091  02BE  2AC1               	goto	u1795
  1092  02BF  0868               	movf	?___lwmod+2,w
  1093  02C0  0266               	subwf	?___lwmod,w
  1094  02C1                     u1795:
  1095  02C1  1C03               	btfss	3,0
  1096  02C2  2ACA               	goto	L8
  1097  02C3  0868               	movf	?___lwmod+2,w
  1098  02C4  02E6               	subwf	?___lwmod,f
  1099  02C5  0869               	movf	?___lwmod+3,w
  1100  02C6  1C03               	btfss	3,0
  1101  02C7  03E7               	decf	?___lwmod+1,f
  1102  02C8  02E7               	subwf	?___lwmod+1,f
  1103  02C9  1003               	bcf	3,0
  1104  02CA                     L8:
  1105  02CA  0CE9               	rrf	?___lwmod+3,f
  1106  02CB  0CE8               	rrf	?___lwmod+2,f
  1107  02CC  0BEA               	decfsz	??___lwmod,f
  1108  02CD  2ABB               	goto	l110
  1109  02CE  0008               	return
  1110                           ; =============== function ___lwmod ends ======
      +                          =========
  1111  02CF                     __end_of___lwmod:
  1112                           	opt stack 0
  1113                           
  1114                           	psect	intrtext
  1115                           ; *************** function _entry *************
      +                          **
  1116                           ; Defined at:
  1117                           ;		line 50 in file "C:\pic\tmp-hum\scif.c"
  1118                           ; Parameters:
  1119                           ;		None
  1120                           ; Auto variables:
  1121                           ;		None
  1122                           ; Return value:
  1123                           ;		type: void 
  1124                           ;		size: 0
  1125                           ; Registers used:
  1126                           ;		wreg, fsr0l, fsr0h, status,2, status,0
  1127                           ; Tracked objects:
  1128                           ;		On entry : 100/0
  1129                           ;		On exit  : 100/0
  1130                           ;		Unchanged: FFFFF000/0
  1131                           ; Data sizes:
  1132                           ;		Autos:    0
  1133                           ;		Params:   0
  1134                           ;		Temp:     3
  1135                           ;		Total:    3
  1136                           ; This function calls:
  1137                           ;		Nothing
  1138                           ; This function is called by:
  1139                           ;		Interrupt level 1
  1140                           ; This function uses a non-reentrant model
  1141                           ; 
  1142                           ;scif.c: 50: void interrupt entry(void){
  1143  01C4                     _entry:
  1144                           	opt stack 7
  1145                           ;scif.c: 51: if(T0IF){
  1146  01C4  1D0B               	btfss	11,2
  1147  01C5  2A0A               	goto	i1l27
  1148                           ;scif.c: 52: TMR0 = 59;
  1149  01C6  303B               	movlw	59
  1150  01C7  0081               	movwf	1	;volatile
  1151                           ;scif.c: 53: T0IF = 0;
  1152  01C8  110B               	bcf	11,2
  1153                           ;scif.c: 56: if(--skip_ovs == 0){
  1154  01C9  0BFD               	decfsz	125,f
  1155  01CA  29F6               	goto	i1l29
  1156                           ;scif.c: 57: skip_ovs++;
  1157  01CB  0AFD               	incf	125,f
  1158                           ;scif.c: 58: switch(rx_state) {
  1159  01CC  29E5               	goto	i1l31
  1160                           ;scif.c: 60: case RX_MARK:
  1161  01CD                     i1l32:
  1162                           ;scif.c: 61: if(!GPIO3){
  1163  01CD  1985               	btfsc	5,3
  1164  01CE  29F6               	goto	i1l29
  1165                           ;scif.c: 62: skip_ovs = 2;
  1166  01CF  3002               	movlw	2
  1167  01D0  29F4               	goto	L9
  1168                           ;scif.c: 63: rx_state++;
  1169                           ;scif.c: 64: }
  1170                           ;scif.c: 65: break;
  1171                           ;scif.c: 67: case RX_HALF:
  1172  01D1                     i1l34:
  1173                           ;scif.c: 68: if(!GPIO3) {
  1174  01D1  1D85               	btfss	5,3
  1175  01D2  29F3               	goto	L10
  1176                           ;scif.c: 69: skip_ovs = 4;
  1177                           ;scif.c: 70: rx_state++;
  1178                           ;scif.c: 71: } else {
  1179                           ;scif.c: 72: rx_state = RX_MARK;
  1180  01D3  01F6               	clrf	118
  1181                           ;scif.c: 73: }
  1182                           ;scif.c: 74: break;
  1183  01D4  29F6               	goto	i1l29
  1184                           ;scif.c: 83: break;
  1185                           ;scif.c: 85: case RX_STOP:
  1186  01D5                     i1l38:
  1187                           ;scif.c: 86: rx_state = RX_MARK;
  1188  01D5  01F6               	clrf	118
  1189                           ;scif.c: 88: if(scif_dc >= 16)
  1190  01D6  3010               	movlw	16
  1191  01D7  0277               	subwf	119,w
  1192  01D8  1803               	btfsc	3,0
  1193  01D9  29F6               	goto	i1l29
  1194                           ;scif.c: 89: break;
  1195                           ;scif.c: 91: scif_rb[scif_wp] = rx_shift;
  1196  01DA  087C               	movf	124,w
  1197  01DB  3E3E               	addlw	62
  1198  01DC  1383               	bcf	3,7	;select IRP bank1
  1199  01DD  0084               	movwf	4
  1200  01DE  0878               	movf	120,w
  1201  01DF  0080               	movwf	0
  1202                           ;scif.c: 92: scif_wp++;
  1203  01E0  0AFC               	incf	124,f
  1204                           ;scif.c: 93: scif_wp &= 15;
  1205  01E1  300F               	movlw	15
  1206  01E2  05FC               	andwf	124,f
  1207                           ;scif.c: 94: scif_dc++;
  1208  01E3  0AF7               	incf	119,f
  1209                           ;scif.c: 95: break;
  1210  01E4  29F6               	goto	i1l29
  1211  01E5                     i1l31:
  1212  01E5  0876               	movf	118,w
  1213  01E6  3A00               	xorlw	0
  1214  01E7  1903               	btfsc	3,2
  1215  01E8  29CD               	goto	i1l32
  1216  01E9  3A01               	xorlw	1
  1217  01EA  1903               	btfsc	3,2
  1218  01EB  29D1               	goto	i1l34
  1219  01EC  3A0B               	xorlw	11
  1220  01ED  1903               	btfsc	3,2
  1221  01EE  29D5               	goto	i1l38
  1222                           ;scif.c: 77: default:
  1223                           ;scif.c: 78: rx_shift =
  1224                           ;scif.c: 79: (rx_shift >> 1) |
  1225                           ;scif.c: 80: (GPIO3 << 7);
  1226  01EF  1003               	bcf	3,0
  1227  01F0  1985               	btfsc	5,3
  1228  01F1  1403               	bsf	3,0
  1229  01F2  0CF8               	rrf	120,f
  1230  01F3                     L10:
  1231                           ;scif.c: 81: skip_ovs = 4;
  1232  01F3  3004               	movlw	4
  1233  01F4                     L9:
  1234  01F4  00FD               	movwf	125
  1235                           ;scif.c: 82: rx_state++;
  1236  01F5  0AF6               	incf	118,f
  1237  01F6                     i1l29:
  1238                           ;scif.c: 97: }
  1239                           ;scif.c: 100: if(tx_bit) {
  1240  01F6  08F9               	movf	121,f
  1241  01F7  1903               	btfsc	3,2
  1242  01F8  2A0A               	goto	i1l27
  1243                           ;scif.c: 101: if((tx_bit & 3) == 0) {
  1244  01F9  0879               	movf	121,w
  1245  01FA  3903               	andlw	3
  1246  01FB  1D03               	btfss	3,2
  1247  01FC  2A09               	goto	i1l41
  1248                           ;scif.c: 102: GPIO5 = tx_next;
  1249  01FD  1C75               	btfss	117,0
  1250  01FE  2A02               	goto	i1u2130
  1251  01FF  1283               	bcf	3,5	;RP0=0, select bank0
  1252  0200  1685               	bsf	5,5
  1253  0201  2A04               	goto	i1u2144
  1254  0202                     i1u2130:
  1255  0202  1283               	bcf	3,5	;RP0=0, select bank0
  1256  0203  1285               	bcf	5,5
  1257  0204                     i1u2144:
  1258                           ;scif.c: 103: tx_next = tx_buf & 1;
  1259  0204  1075               	bcf	117,0
  1260  0205  187A               	btfsc	122,0
  1261  0206  1475               	bsf	117,0
  1262                           ;scif.c: 104: tx_buf = (tx_buf >> 1) | 0x80;
  1263  0207  1403               	bsf	3,0
  1264  0208  0CFA               	rrf	122,f
  1265  0209                     i1l41:
  1266                           ;scif.c: 105: }
  1267                           ;scif.c: 106: tx_bit--;
  1268  0209  03F9               	decf	121,f
  1269                           ;scif.c: 107: }
  1270                           ;scif.c: 108: }
  1271                           ;scif.c: 109: }
  1272  020A                     i1l27:
  1273  020A  086F               	movf	??_entry+2,w
  1274  020B  008A               	movwf	10
  1275  020C  086E               	movf	??_entry+1,w
  1276  020D  0084               	movwf	4
  1277  020E  086D               	movf	??_entry,w
  1278  020F  0083               	movwf	3
  1279  0210  0EFF               	swapf	127,f
  1280  0211  0E7F               	swapf	127,w
  1281  0212  0009               	retfie
  1282                           ; =============== function _entry ends ========
      +                          =======
  1283  0213                     __end_of_entry:
  1284                           	opt stack 0
  1285                           
  1286                           	psect	intentry
  1287                           ; Regs used in _entry: [wreg-fsr0h+status,2+sta
      +                          tus,0]
  1288  0004                     interrupt_function:
  1289                           	opt stack 7
  1290  0000                     saved_w	set	btemp+1
  1291  0004  00FF               	movwf	btemp+1
  1292  0005  0803               	movf	3,w
  1293  0006  1283               	bcf	3,5	;RP0=0, select bank0
  1294  0007  00ED               	movwf	??_entry
  1295  0008  0804               	movf	4,w
  1296  0009  00EE               	movwf	??_entry+1
  1297  000A  080A               	movf	10,w
  1298  000B  00EF               	movwf	??_entry+2
  1299  000C  29C4               	ljmp	_entry
  1300                           
  1301                           	psect	strings
  1302                           ;	FNARG	_printf,_bresenham
  1303                           ;	FNARG	___lwmod,___lwdiv
  1304  0100                     stringtab:
  1305                           	opt stack 7
  1306  0100  00FE               	movwf	btemp& (0+127)
  1307  0101  1FFE               	btfss	btemp& (0+127),7
  1308  0102  2908               	goto	stringcode
  1309  0103  1383               	bcf	3,7
  1310  0104  187E               	btfsc	btemp& (0+127),0
  1311  0105  1783               	bsf	3,7
  1312  0106  0800               	movf	0,w
  1313  0107  0008               	return
  1314  0108                     stringcode:
  1315  0108  0804               	movf	4,w
  1316  0109                     stringdir:
  1317                           	opt stack 7
  1318  0109  00FE               	movwf	btemp& (0+127)
  1319  010A  3001               	movlw	high stringdir
  1320  010B  008A               	movwf	10
  1321  010C  087E               	movf	btemp& (0+127),w
  1322  010D                     stringjmp:
  1323                           	opt stack 7
  1324  010D  0782               	addwf	2,f
  1325  010E                     __stringbase:
  1326                           	opt stack 7
  1327  010E  3400               	retlw	0
  1328  010F                     _dpowers:
  1329                           	opt stack 7
  1330  010F  3401               	retlw	1
  1331  0110  3400               	retlw	0
  1332  0111  340A               	retlw	10
  1333  0112  3400               	retlw	0
  1334  0113  3464               	retlw	100
  1335  0114  3400               	retlw	0
  1336  0115  34E8               	retlw	232
  1337  0116  3403               	retlw	3
  1338  0117  3410               	retlw	16
  1339  0118  3427               	retlw	39	;_scif_rb
  1340  0119                     STR_1:
  1341  0119  3454               	retlw	84	;'T'
  1342  011A  3468               	retlw	104	;'h'
  1343  011B  3465               	retlw	101	;'e'
  1344  011C  3472               	retlw	114	;'r'
  1345  011D  346D               	retlw	109	;'m'
  1346  011E  346F               	retlw	111	;'o'
  1347  011F  346D               	retlw	109	;'m'
  1348  0120  3465               	retlw	101	;'e'
  1349  0121  3474               	retlw	116	;'t'
  1350  0122  3465               	retlw	101	;'e'
  1351  0123  3472               	retlw	114	;'r'
  1352  0124  3420               	retlw	32	;' '
  1353  0125  3461               	retlw	97	;'a'
  1354  0126  346E               	retlw	110	;'n'
  1355  0127  3464               	retlw	100	;'d'
  1356  0128  3420               	retlw	32	;' '
  1357  0129  3448               	retlw	72	;'H'
  1358  012A  3479               	retlw	121	;'y'
  1359  012B  3467               	retlw	103	;'g'
  1360  012C  3472               	retlw	114	;'r'
  1361  012D  346F               	retlw	111	;'o'
  1362  012E  346D               	retlw	109	;'m'
  1363  012F  3465               	retlw	101	;'e'
  1364  0130  3474               	retlw	116	;'t'
  1365  0131  3465               	retlw	101	;'e'
  1366  0132  3472               	retlw	114	;'r'
  1367  0133  340A               	retlw	10
  1368  0134  3400               	retlw	0
  1369  0135                     STR_2:
  1370  0135  3454               	retlw	84	;'T'
  1371  0136  3465               	retlw	101	;'e'
  1372  0137  346D               	retlw	109	;'m'
  1373  0138  3470               	retlw	112	;'p'
  1374  0139  3465               	retlw	101	;'e'
  1375  013A  3472               	retlw	114	;'r'
  1376  013B  3461               	retlw	97	;'a'
  1377  013C  3474               	retlw	116	;'t'
  1378  013D  3475               	retlw	117	;'u'
  1379  013E  3472               	retlw	114	;'r'
  1380  013F  3465               	retlw	101	;'e'
  1381  0140  342C               	retlw	44	;','
  1382  0141  3448               	retlw	72	;'H'
  1383  0142  3475               	retlw	117	;'u'
  1384  0143  346D               	retlw	109	;'m'
  1385  0144  3469               	retlw	105	;'i'
  1386  0145  3464               	retlw	100	;'d'
  1387  0146  3469               	retlw	105	;'i'
  1388  0147  3474               	retlw	116	;'t'
  1389  0148  3479               	retlw	121	;'y'
  1390  0149  340A               	retlw	10
  1391  014A  3400               	retlw	0
  1392  014B                     STR_3:
  1393  014B  3425               	retlw	37	;'%'
  1394  014C  3464               	retlw	100	;'d'
  1395  014D  342C               	retlw	44	;','
  1396  014E  3425               	retlw	37	;'%'
  1397  014F  3464               	retlw	100	;'d'
  1398  0150  340A               	retlw	10
  1399  0151  3400               	retlw	0	;btemp
  1400                           
  1401                           	psect	rbss_0
  1402  0000                     _scif_rb	set	62	;_rx_shift
  1403                           
  1404                           	psect	common
  1405  0000                     _rx_shift	set	120	;_rx_state
  1406  0000                     _rx_state	set	118	;_scif_dc
  1407  0000                     _scif_dc	set	119	;_scif_rp
  1408  0000                     _scif_rp	set	123	;_scif_wp
  1409  0000                     _scif_wp	set	124	;_tx_bit
  1410  0000                     _tx_bit	set	121	;_tx_buf
  1411  0000                     _tx_buf	set	122	;_tx_next
  1412  0000                     _skip_ovs	set	125
  1413  0000                     _ADCS0	set	1276	;byte address: 0x9F
  1414  0000                     _ADCS1	set	1277	;byte address: 0x9F
  1415  0000                     _ADCS2	set	1278	;byte address: 0x9F
  1416  0000                     _ADFM	set	255	;byte address: 0x1F
  1417  0000                     _ADIE	set	1126	;byte address: 0x8C
  1418  0000                     _ADIF	set	102	;byte address: 0xC
  1419  0000                     _ADON	set	248	;byte address: 0x1F
  1420  0000                     _ANS0	set	1272	;byte address: 0x9F
  1421  0000                     _ANS1	set	1273	;byte address: 0x9F
  1422  0000                     _ANS2	set	1274	;byte address: 0x9F
  1423  0000                     _ANS3	set	1275	;byte address: 0x9F
  1424  0000                     _BOD	set	1136	;byte address: 0x8E
  1425  0000                     _CARRY	set	24	;byte address: 0x3
  1426  0000                     _CCP1IE	set	1125	;byte address: 0x8C
  1427  0000                     _CCP1IF	set	101	;byte address: 0xC
  1428  0000                     _CCP1M0	set	168	;byte address: 0x15
  1429  0000                     _CCP1M1	set	169	;byte address: 0x15
  1430  0000                     _CCP1M2	set	170	;byte address: 0x15
  1431  0000                     _CCP1M3	set	171	;byte address: 0x15
  1432  0000                     _CHS0	set	250	;byte address: 0x1F
  1433  0000                     _CHS1	set	251	;byte address: 0x1F
  1434  0000                     _CHS2	set	252	;byte address: 0x1F
  1435  0000                     _CINV	set	204	;byte address: 0x19
  1436  0000                     _CIS	set	203	;byte address: 0x19
  1437  0000                     _CM0	set	200	;byte address: 0x19
  1438  0000                     _CM1	set	201	;byte address: 0x19
  1439  0000                     _CM2	set	202	;byte address: 0x19
  1440  0000                     _CMIE	set	1123	;byte address: 0x8C
  1441  0000                     _CMIF	set	99	;byte address: 0xC
  1442  0000                     _CMSYNC	set	208	;byte address: 0x1A
  1443  0000                     _COUT	set	206	;byte address: 0x19
  1444  0000                     _DC	set	25	;byte address: 0x3
  1445  0000                     _DC1B0	set	172	;byte address: 0x15
  1446  0000                     _DC1B1	set	173	;byte address: 0x15
  1447  0000                     _EEIE	set	1127	;byte address: 0x8C
  1448  0000                     _EEIF	set	103	;byte address: 0xC
  1449  0000                     _GIE	set	95	;byte address: 0xB
  1450  0000                     _GODONE	set	249	;byte address: 0x1F
  1451  0000                     _GPIE	set	91	;byte address: 0xB
  1452  0000                     _GPIF	set	88	;byte address: 0xB
  1453  0000                     _GPIO0	set	40	;byte address: 0x5
  1454  0000                     _GPIO1	set	41	;byte address: 0x5
  1455  0000                     _GPIO2	set	42	;byte address: 0x5
  1456  0000                     _GPIO3	set	43	;byte address: 0x5
  1457  0000                     _GPIO4	set	44	;byte address: 0x5
  1458  0000                     _GPIO5	set	45	;byte address: 0x5
  1459  0000                     _GPPU	set	1039	;byte address: 0x81
  1460  0000                     _HTS	set	1146	;byte address: 0x8F
  1461  0000                     _INTE	set	92	;byte address: 0xB
  1462  0000                     _INTEDG	set	1038	;byte address: 0x81
  1463  0000                     _INTF	set	89	;byte address: 0xB
  1464  0000                     _IOC0	set	1200	;byte address: 0x96
  1465  0000                     _IOC1	set	1201	;byte address: 0x96
  1466  0000                     _IOC2	set	1202	;byte address: 0x96
  1467  0000                     _IOC3	set	1203	;byte address: 0x96
  1468  0000                     _IOC4	set	1204	;byte address: 0x96
  1469  0000                     _IOC5	set	1205	;byte address: 0x96
  1470  0000                     _IRCF0	set	1148	;byte address: 0x8F
  1471  0000                     _IRCF1	set	1149	;byte address: 0x8F
  1472  0000                     _IRCF2	set	1150	;byte address: 0x8F
  1473  0000                     _IRP	set	31	;byte address: 0x3
  1474  0000                     _LTS	set	1145	;byte address: 0x8F
  1475  0000                     _OSFIE	set	1122	;byte address: 0x8C
  1476  0000                     _OSFIF	set	98	;byte address: 0xC
  1477  0000                     _OSTS	set	1147	;byte address: 0x8F
  1478  0000                     _PD	set	27	;byte address: 0x3
  1479  0000                     _PEIE	set	94	;byte address: 0xB
  1480  0000                     _POR	set	1137	;byte address: 0x8E
  1481  0000                     _PS0	set	1032	;byte address: 0x81
  1482  0000                     _PS1	set	1033	;byte address: 0x81
  1483  0000                     _PS2	set	1034	;byte address: 0x81
  1484  0000                     _PSA	set	1035	;byte address: 0x81
  1485  0000                     _RD	set	1248	;byte address: 0x9C
  1486  0000                     _RP0	set	29	;byte address: 0x3
  1487  0000                     _RP1	set	30	;byte address: 0x3
  1488  0000                     _SBODEN	set	1140	;byte address: 0x8E
  1489  0000                     _SCS	set	1144	;byte address: 0x8F
  1490  0000                     _SWDTEN	set	192	;byte address: 0x18
  1491  0000                     _T0CS	set	1037	;byte address: 0x81
  1492  0000                     _T0IE	set	93	;byte address: 0xB
  1493  0000                     _T0IF	set	90	;byte address: 0xB
  1494  0000                     _T0SE	set	1036	;byte address: 0x81
  1495  0000                     _T1CKPS0	set	132	;byte address: 0x10
  1496  0000                     _T1CKPS1	set	133	;byte address: 0x10
  1497  0000                     _T1GE	set	134	;byte address: 0x10
  1498  0000                     _T1GINV	set	135	;byte address: 0x10
  1499  0000                     _T1GSS	set	209	;byte address: 0x1A
  1500  0000                     _T1OSCEN	set	131	;byte address: 0x10
  1501  0000                     _T1SYNC	set	130	;byte address: 0x10
  1502  0000                     _T2CKPS0	set	144	;byte address: 0x12
  1503  0000                     _T2CKPS1	set	145	;byte address: 0x12
  1504  0000                     _TMR1CS	set	129	;byte address: 0x10
  1505  0000                     _TMR1IE	set	1120	;byte address: 0x8C
  1506  0000                     _TMR1IF	set	96	;byte address: 0xC
  1507  0000                     _TMR1ON	set	128	;byte address: 0x10
  1508  0000                     _TMR2IE	set	1121	;byte address: 0x8C
  1509  0000                     _TMR2IF	set	97	;byte address: 0xC
  1510  0000                     _TMR2ON	set	146	;byte address: 0x12
  1511  0000                     _TO	set	28	;byte address: 0x3
  1512  0000                     _TOUTPS0	set	147	;byte address: 0x12
  1513  0000                     _TOUTPS1	set	148	;byte address: 0x12
  1514  0000                     _TOUTPS2	set	149	;byte address: 0x12
  1515  0000                     _TOUTPS3	set	150	;byte address: 0x12
  1516  0000                     _TRISIO0	set	1064	;byte address: 0x85
  1517  0000                     _TRISIO1	set	1065	;byte address: 0x85
  1518  0000                     _TRISIO2	set	1066	;byte address: 0x85
  1519  0000                     _TRISIO3	set	1067	;byte address: 0x85
  1520  0000                     _TRISIO4	set	1068	;byte address: 0x85
  1521  0000                     _TRISIO5	set	1069	;byte address: 0x85
  1522  0000                     _TUN0	set	1152	;byte address: 0x90
  1523  0000                     _TUN1	set	1153	;byte address: 0x90
  1524  0000                     _TUN2	set	1154	;byte address: 0x90
  1525  0000                     _TUN3	set	1155	;byte address: 0x90
  1526  0000                     _TUN4	set	1156	;byte address: 0x90
  1527  0000                     _ULPWUE	set	1141	;byte address: 0x8E
  1528  0000                     _VCFG	set	254	;byte address: 0x1F
  1529  0000                     _VR0	set	1224	;byte address: 0x99
  1530  0000                     _VR1	set	1225	;byte address: 0x99
  1531  0000                     _VR2	set	1226	;byte address: 0x99
  1532  0000                     _VR3	set	1227	;byte address: 0x99
  1533  0000                     _VREN	set	1231	;byte address: 0x99
  1534  0000                     _VRR	set	1229	;byte address: 0x99
  1535  0000                     _WDTPS0	set	193	;byte address: 0x18
  1536  0000                     _WDTPS1	set	194	;byte address: 0x18
  1537  0000                     _WDTPS2	set	195	;byte address: 0x18
  1538  0000                     _WDTPS3	set	196	;byte address: 0x18
  1539  0000                     _WPU0	set	1192	;byte address: 0x95
  1540  0000                     _WPU1	set	1193	;byte address: 0x95
  1541  0000                     _WPU2	set	1194	;byte address: 0x95
  1542  0000                     _WPU3	set	1195	;byte address: 0x95
  1543  0000                     _WPU4	set	1196	;byte address: 0x95
  1544  0000                     _WPU5	set	1197	;byte address: 0x95
  1545  0000                     _WR	set	1249	;byte address: 0x9C
  1546  0000                     _WREN	set	1250	;byte address: 0x9C
  1547  0000                     _WRERR	set	1251	;byte address: 0x9C
  1548  0000                     _ZERO	set	26	;byte address: 0x3
  1549                           
  1550                           	psect	rbit_0
  1551  0000                     _tx_next	set	936	;byte address: 0x75
  1552  0000                     _ADCON0	set	31
  1553  0000                     _ADRESH	set	30
  1554  0000                     _ADRESL	set	158
  1555  0000                     _ANSEL	set	159
  1556  0000                     _CCP1CON	set	21
  1557  0000                     _CCPR1H	set	20
  1558  0000                     _CCPR1L	set	19
  1559  0000                     _CMCON0	set	25
  1560  0000                     _CMCON1	set	26
  1561  0000                     _EEADR	set	155
  1562  0000                     _EEADRL	set	155
  1563  0000                     _EECON1	set	156
  1564  0000                     _EECON2	set	157
  1565  0000                     _EEDAT	set	154
  1566  0000                     _EEDATA	set	154
  1567  0000                     _FSR	set	4
  1568  0000                     _GPIO	set	5
  1569  0000                     _INDF	set	0
  1570  0000                     _INTCON	set	11
  1571  0000                     _IOC	set	150
  1572  0000                     _OPTION	set	129
  1573  0000                     _OSCCON	set	143
  1574  0000                     _OSCTUNE	set	144
  1575  0000                     _PCL	set	2
  1576  0000                     _PCLATH	set	10
  1577  0000                     _PCON	set	142
  1578  0000                     _PIE1	set	140
  1579  0000                     _PIR1	set	12
  1580  0000                     _PR2	set	146
  1581  0000                     _STATUS	set	3
  1582  0000                     _T1CON	set	16
  1583  0000                     _T2CON	set	18
  1584  0000                     _TMR0	set	1
  1585  0000                     _TMR1H	set	15
  1586  0000                     _TMR1L	set	14
  1587  0000                     _TMR2	set	17
  1588  0000                     _TRISIO	set	133
  1589  0000                     _VRCON	set	153
  1590  0000                     _WDTCON	set	24
  1591  0000                     _WPU	set	149	;_skip_ovs
  1592                           
  1593                           	psect	fnauto0
  1594  0000                     btemp	set	126
  1595  0000                     wtemp0	set	126
  1596  0000                     wtemp1	set	128
  1597  0000                     ttemp0	set	126
  1598  0000                     ltemp0	set	126
  1599  004E                     


HI-TECH Software PICC Macro Assembler V9.65PL1 build 4700 
Symbol Table                                          Thu Oct 01 17:18:24 2009

           __Lrbss_0 003E                    l3 02FA  
                  l4 02EA                    l6 02EB  
          __Lrdata_0 0000                    pc 0002  
          __Lramdata 0000                   l10 02A1  
                 l11 0289                   l20 0046  
                 l13 028F                   _DC 0019  
                 l23 0057                   l18 003E  
                 l43 0312                   l80 019B  
                 l64 01BC                   l81 01B9  
                 l65 0156                   l82 019E  
                 l75 017D                   l67 015D  
                 l76 017F                   l92 02D1  
                 l77 0195                   l93 02D9  
                 l95 027F                   _PD 001B  
                 _RD 04E0                   _TO 001C  
                 _WR 04E1                   fsr 0004  
    ___lwmod_divisor 0068      ___lwmod_counter 006A  
                l101 0267                  l110 02BB  
                l250 0226                  l251 024C  
                l257 0234                  l249 021D  
                l259 0254                  _CM0 00C8  
                _CM1 00C9                  _CM2 00CA  
                _BOD 0470                  _CIS 00CB  
                _GIE 005F                  _IOC 0096  
                _FSR 0004                  _PCL 0002  
                _PS0 0408                  _PR2 0092  
                _PS1 0409                  _RP0 001D  
                _PS2 040A                  _IRP 001F  
                _RP1 001E                  _HTS 047A  
                _SCS 0478                  _PSA 040B  
                _LTS 0479                  _VR0 04C8  
                _VR1 04C9                  _VR2 04CA  
                _VR3 04CB                  _POR 0471  
                _VRR 04CD                  _WPU 0095  
                fsr0 0004                  indf 0000  
   ___lwmod_dividend 0066            ___delay_s 02E8  
  __end_of___delay_s 02FE             _main$801 0050  
           _main$802 004E     ___lwdiv_dividend 0066  
            ??_entry 006D                 _ADIE 0466  
               _ADIF 0066                 _ADFM 00FF  
           __tempreg 004E           ?___delay_s 0057  
               _ADON 00F8                 _CHS0 00FA  
               _CHS1 00FB                 _CHS2 00FC  
               _EEIE 0467                 _EEIF 0067  
               _ANS0 04F8                 _ANS1 04F9  
               STR_1 0119                 _ANS2 04FA  
               STR_2 0135                 _ANS3 04FB  
               STR_3 014B                 _CMIE 0463  
               _CMIF 0063                 _CINV 00CC  
               _T1GE 0086                 _T0IE 005D  
               _T0IF 005A                 _T0CS 040D  
               _IOC0 04B0                 _IOC1 04B1  
               _IOC2 04B2                 _IOC3 04B3  
               _IOC4 04B4                 _IOC5 04B5  
               _T0SE 040C                 _INDF 0000  
               _GPIE 005B                 _GPIF 0058  
               u1505 0295                 _COUT 00CE  
            ??_putch 0066                 u2167 0042  
               _GPIO 0005                 u2177 0053  
               u2187 02EF                 u1565 023D  
               _PIE1 008C                 u1745 0270  
               _PEIE 005E                 u1795 02C1  
               _INTE 005C                 _GPPU 040F  
               _INTF 0059                 i1l31 01E5  
               i1l32 01CD                 i1l41 0209  
               i1l34 01D1                 i1l27 020A  
               u1995 018E                 i1l29 01F6  
               i1l38 01D5                 _PCON 008E  
               _PIR1 000C                 _VCFG 00FE  
               _TMR0 0001                 _TMR2 0011  
          __databank 0000                 _OSTS 047B  
               _TUN0 0480                 _TUN1 0481  
               _TUN2 0482                 _TUN3 0483  
               _TUN4 0484                 _VREN 04CF  
               _WPU0 04A8                 _WPU1 04A9  
               _WPU2 04AA                 _WPU3 04AB  
               _WPU4 04AC                 _ZERO 001A  
               _WPU5 04AD                 _WREN 04E2  
               _main 0020                 btemp 007E  
               start 000D         ___awdiv_sign 005C  
        ??___delay_s 0057    interrupt_function 0004  
            ?___wmul 0057      __end_of___awdiv 0259  
           ??___wmul 005B            stringcode 0108  
           _skip_ovs 007D             _printf_c 005F  
           _printf_f 005C      __end_of___lwdiv 0284  
   ___lwdiv_quotient 006B      __end_of___lwmod 02CF  
            _CCP1CON 0015                _DC1B0 00AC  
              _DC1B1 00AD             _rx_shift 0078  
              _ADCS0 04FC                _ADCS1 04FD  
              _ADCS2 04FE                ?_main 004E  
           _rx_state 0076              ?_printf 0057  
              _EEADR 009B                _EEDAT 009A  
              _CARRY 0018                _ANSEL 009F  
              _T1CON 0010                _T2CON 0012  
           ??_printf 005B                _T1GSS 00D1  
            _T1CKPS0 0084              _T1CKPS1 0085  
              _GPIO0 0028                _GPIO1 0029  
              _GPIO2 002A                _GPIO3 002B  
              _GPIO4 002C                _GPIO5 002D  
              _IRCF0 047C                _IRCF1 047D  
              _IRCF2 047E              _T2CKPS0 0090  
            _T2CKPS1 0091        __end_of_entry 0213  
              _OSFIE 0462                _OSFIF 0062  
              _TMR1H 000F                _TMR1L 000E  
            _T1OSCEN 0083        __end_of_putch 031B  
              _VRCON 0099                _WRERR 04E3  
          _bresenham 0284    __end_of_bresenham 02AF  
            _OSCTUNE 0090           ?_bresenham 0057  
        _printf__val 0060          _printf_flag 005D  
              _entry 01C4          _printf_prec 005B  
            _TRISIO0 0428              _TRISIO1 0429  
            _TRISIO2 042A              _TRISIO3 042B  
            _TRISIO4 042C              _TRISIO5 042D  
              _putch 0311              _TOUTPS0 0093  
            _TOUTPS1 0094              _TOUTPS2 0095  
            _TOUTPS3 0096                pclath 000A  
              ltemp0 007E          _bresenham_d 005B  
        _bresenham_e 005F          _bresenham_m 0059  
        _bresenham_n 0057          _bresenham_s 005D  
           intlevel1 0004                ttemp0 007E  
              status 0003                wtemp0 007E  
              wtemp1 0080          ??_bresenham 005D  
  ___wmul_multiplier 0057            _scif_init 02FE  
  __end_of_scif_init 0311     ___awdiv_dividend 0057  
         ?_scif_init 0057          __stringbase 010E  
        ___delay_s_i 0058          ___delay_s_s 0057  
            ___awdiv 0213             ?___awdiv 0057  
            ___lwdiv 0259              ___lwmod 02AF  
           ?___lwdiv 0066             ?___lwmod 0066  
     ___wmul_product 005B            ??___awdiv 005B  
          ??___lwdiv 006A            ??___lwmod 006A  
             ??_main 004E      ___lwdiv_divisor 0068  
    ___lwdiv_counter 006A          ??_scif_init 0057  
          _printf_ap 005E              _main_vh 0052  
            _main_vt 0054              _dpowers 010F  
            _scif_dc 0077              _scif_rb 003E  
            _scif_rp 007B              _scif_wp 007C  
           stringdir 0109             stringjmp 010D  
           stringtab 0100               _ADCON0 001F  
             _CCP1M0 00A8               _CCP1M1 00A9  
             _CCP1M2 00AA               _CCP1M3 00AB  
             _CCP1IE 0465               _CCP1IF 0065  
     __end_of___wmul 02E8               ?_entry 006D  
             _ADRESH 001E               _ADRESL 009E  
             _EEADRL 009B              _putch_c 0066  
             _EEDATA 009A               _CCPR1H 0014  
             _CCPR1L 0013               _EECON1 009C  
             _EECON2 009D               _CMCON0 0019  
             _CMCON1 001A               ?_putch 0066  
            _tx_next 03A8         __end_of_main 0098  
   ___awdiv_quotient 005D               _T1GINV 0087  
          idloc_word 2000               _CMSYNC 00D0  
             _GODONE 00F9               _T1SYNC 0082  
             _INTEDG 040E               _PCLATH 000A  
             _INTCON 000B               i1u2130 0202  
             _SBODEN 0474               i1u2144 0204  
             _OSCCON 008F               _TMR1IE 0460  
             _TMR1IF 0060               _TMR1CS 0081  
             _TMR2IE 0461               _TMR2IF 0061  
             _TMR1ON 0080               _OPTION 0081  
             _TMR2ON 0092       __end_of_printf 01C4  
             _WDTCON 0018               _WDTPS0 00C1  
             _WDTPS1 00C2               _WDTPS2 00C3  
             _WDTPS3 00C4               _STATUS 0003  
             _TRISIO 0085               _SWDTEN 00C0  
             _ULPWUE 0475      ___awdiv_divisor 0059  
    ___awdiv_counter 005B               ___wmul 02CF  
___wmul_multiplicand 0059               _printf 0152  
             _tx_bit 0079               _tx_buf 007A  
             saved_w 007F             __Hcommon 007D  
          __Hrdata_0 0001            __Hramdata 0001  
           __Hrbss_0 004E             __Lcommon 0075  
